---
source: crates/djls-template-ast/src/parser.rs
expression: ast
---
nodes:
  - Text:
      content: "<style type=\"text/css\">\n    /* Header styles */\n    .header {\n        color: blue;\n    }\n</style>"
      span:
        start: 0
        length: 97
line_offsets:
  - 0
  - 0
  - 23
  - 47
  - 61
  - 82
  - 88
errors: []
