---
source: crates/djls-template-ast/src/parser.rs
expression: ast
---
nodes:
  - Text: "<style>body { color: blue; "
errors: []
