---
source: crates/djls-template-ast/src/parser.rs
expression: ast
---
nodes:
  - Text:
      content: hello
      span:
        start: 0
        length: 5
line_offsets:
  - 0
  - 11
