---
source: crates/djls-template-ast/src/parser.rs
expression: nodelist
---
nodes:
  - Text:
      content: "<div>"
      span:
        start: 0
        length: 5
line_offsets:
  - 0
