---
source: crates/djls-template-ast/src/parser.rs
expression: ast
---
nodes:
  - Text:
      content: "<div class=\"container\">"
      span:
        start: 0
        length: 23
  - Text:
      content: "\n    <h1>Header</h1>"
      span:
        start: 23
        length: 20
  - Text:
      content: "\n    "
      span:
        start: 43
        length: 5
  - Block:
      Block:
        tag:
          name: if
          bits:
            - if
            - user.is_authenticated
          span:
            start: 48
            length: 24
          tag_span:
            start: 48
            length: 24
          assignment: ~
        nodes:
          - Text:
              content: "\n        "
              span:
                start: 78
                length: 9
          - Comment:
              content: This if is unclosed which does matter
              span:
                start: 87
                length: 41
          - Text:
              content: "\n        <p>Welcome "
              span:
                start: 130
                length: 20
          - Variable:
              bits:
                - user
                - name
              filters: []
              span:
                start: 153
                length: 9
          - Text:
              content: "</p>"
              span:
                start: 165
                length: 4
          - Text:
              content: "\n        <div>"
              span:
                start: 169
                length: 14
          - Text:
              content: "\n            "
              span:
                start: 183
                length: 13
          - Comment:
              content: "This div is unclosed which doesn't matter"
              span:
                start: 196
                length: 45
          - Text:
              content: "\n        "
              span:
                start: 243
                length: 9
          - Block:
              Block:
                tag:
                  name: for
                  bits:
                    - for
                    - item
                    - in
                    - items
                  span:
                    start: 252
                    length: 17
                  tag_span:
                    start: 252
                    length: 17
                  assignment: ~
                nodes:
                  - Text:
                      content: "\n            <span>"
                      span:
                        start: 275
                        length: 19
                  - Variable:
                      bits:
                        - item
                      filters: []
                      span:
                        start: 297
                        length: 4
                  - Text:
                      content: "</span>"
                      span:
                        start: 304
                        length: 7
                  - Text:
                      content: "\n        "
                      span:
                        start: 311
                        length: 9
                closing:
                  Closing:
                    tag:
                      name: endfor
                      bits:
                        - endfor
                      span:
                        start: 320
                        length: 6
                      tag_span:
                        start: 320
                        length: 6
                      assignment: ~
                assignments: []
          - Text:
              content: "\n    <footer>Page Footer</footer>"
              span:
                start: 332
                length: 33
          - Text:
              content: "\n</div>"
              span:
                start: 365
                length: 7
        closing: ~
        assignments: []
line_offsets:
  - 0
  - 24
  - 44
  - 79
  - 131
  - 170
  - 184
  - 244
  - 276
  - 312
  - 333
  - 366
errors: []
