---
source: crates/djls-template-ast/src/parser.rs
expression: ast
---
nodes:
  - Text: "<!-- HTML comment -->"
  - Comment: Django comment
errors: []
