---
source: crates/djls-template-ast/src/parser.rs
expression: ast
---
nodes:
  - Variable:
      bits:
        - value
      filters:
        - name: default
          arguments:
            - "'nothing'"
        - name: title
          arguments: []
        - name: upper
          arguments: []
errors: []
