---
source: crates/djls-template-ast/src/parser.rs
expression: ast
---
nodes:
  - Script:
      Element:
        attributes: {}
        children:
          - Text: "console.log(\"Hello World\");"
