---
source: crates/djls-template-ast/src/parser.rs
expression: nodelist
---
nodes:
  - Text:
      content: "<div class=\"container\">Hello</div>"
      span:
        start: 0
        length: 34
line_offsets:
  - 0
