---
source: crates/djls-template-ast/src/parser.rs
expression: ast
---
nodes:
  - Text:
      content: "<input type=\"text\" />"
      span:
        start: 0
        length: 21
line_offsets:
  - 0
errors: []
