---
source: crates/djls-templates/src/parser.rs
expression: test_ast
---
nodelist:
  - type: Tag
    name: if
    bits:
      - user.is_authenticated
    span:
      - 3
      - 24
  - type: Text
    span:
      - 30
      - 7
  - type: Tag
    name: endif
    bits: []
    span:
      - 40
      - 5
