---
source: crates/djls-templates/src/parser.rs
expression: test_ast
---
nodelist:
  - type: Text
    span:
      - 0
      - 21
  - type: Comment
    content: Django comment
    span:
      - 24
      - 14
