---
source: crates/djls-templates/src/parser.rs
expression: test_ast
---
nodelist:
  - type: Variable
    var: user.name
    filters: []
    span:
      - 3
      - 9
line_offsets:
  - 0
