---
source: crates/djls-templates/src/parser.rs
expression: test_ast
---
nodelist:
  - type: Text
    span:
      - 0
      - 97
line_offsets:
  - 0
  - 24
  - 48
  - 62
  - 83
  - 89
