---
source: crates/djls-templates/src/parser.rs
expression: test_ast
---
nodelist:
  - type: Variable
    var: value
    filters:
      - "default:'nothing'"
      - title
      - upper
    span:
      - 3
      - 35
line_offsets:
  - 0
