---
source: crates/djls-templates/src/parser.rs
expression: test_ast
---
nodelist:
  - type: Text
    span:
      - 0
      - 463
  - type: Tag
    name: if
    bits:
      - user.is_authenticated
    span:
      - 466
      - 24
  - type: Text
    span:
      - 494
      - 16
  - type: Comment
    content: Welcome message
    span:
      - 513
      - 15
  - type: Text
    span:
      - 532
      - 29
  - type: Variable
    var: user.name
    filters:
      - title
      - "default:'Guest'"
    span:
      - 564
      - 31
  - type: Text
    span:
      - 598
      - 23
  - type: Tag
    name: if
    bits:
      - user.is_staff
    span:
      - 624
      - 16
  - type: Text
    span:
      - 644
      - 55
  - type: Tag
    name: else
    bits: []
    span:
      - 702
      - 4
  - type: Text
    span:
      - 710
      - 54
  - type: Tag
    name: endif
    bits: []
    span:
      - 767
      - 5
  - type: Text
    span:
      - 776
      - 12
  - type: Tag
    name: endif
    bits: []
    span:
      - 791
      - 5
  - type: Text
    span:
      - 800
      - 34
line_offsets:
  - 0
  - 16
  - 23
  - 34
  - 66
  - 97
  - 134
  - 151
  - 191
  - 215
  - 241
  - 270
  - 298
  - 313
  - 331
  - 343
  - 354
  - 386
  - 451
  - 494
  - 532
  - 605
  - 644
  - 683
  - 710
  - 748
  - 776
  - 800
  - 815
  - 827
