---
source: crates/djls-templates/src/parser.rs
expression: test_ast
---
nodelist:
  - type: Text
    content: "Welcome,"
    span:
      - 0
      - 8
  - type: Tag
    name: if
    bits:
      - user.is_authenticated
    span:
      - 9
      - 24
  - type: Variable
    var: user.name
    filters:
      - title
      - "default:'Guest'"
    span:
      - 44
      - 31
  - type: Tag
    name: for
    bits:
      - group
      - in
      - user.groups
    span:
      - 86
      - 24
  - type: Tag
    name: if
    bits:
      - forloop.first
    span:
      - 125
      - 16
  - type: Text
    content: (
    span:
      - 147
      - 1
  - type: Tag
    name: endif
    bits: []
    span:
      - 148
      - 5
  - type: Variable
    var: group.name
    filters: []
    span:
      - 168
      - 10
  - type: Tag
    name: if
    bits:
      - not
      - forloop.last
    span:
      - 193
      - 19
  - type: Text
    content: ","
    span:
      - 218
      - 1
  - type: Tag
    name: endif
    bits: []
    span:
      - 220
      - 5
  - type: Tag
    name: if
    bits:
      - forloop.last
    span:
      - 240
      - 15
  - type: Text
    content: )
    span:
      - 261
      - 1
  - type: Tag
    name: endif
    bits: []
    span:
      - 262
      - 5
  - type: Tag
    name: empty
    bits: []
    span:
      - 278
      - 5
  - type: Text
    content: (no groups)
    span:
      - 298
      - 11
  - type: Tag
    name: endfor
    bits: []
    span:
      - 314
      - 6
  - type: Tag
    name: else
    bits: []
    span:
      - 327
      - 4
  - type: Text
    content: Guest
    span:
      - 342
      - 5
  - type: Tag
    name: endif
    bits: []
    span:
      - 348
      - 5
  - type: Text
    content: "!"
    span:
      - 359
      - 1
line_offsets:
  - 0
  - 40
  - 82
  - 117
  - 160
  - 185
  - 232
  - 274
  - 290
  - 310
  - 327
  - 338
  - 348
