---
source: crates/djls-templates/src/parser.rs
expression: test_ast
---
nodelist:
  - type: Tag
    name: for
    bits:
      - item
      - in
      - items
    span:
      - 3
      - 17
  - type: Tag
    name: if
    bits:
      - item.active
    span:
      - 26
      - 14
  - type: Variable
    var: item.name
    filters: []
    span:
      - 46
      - 9
  - type: Tag
    name: endif
    bits: []
    span:
      - 61
      - 5
  - type: Tag
    name: endfor
    bits: []
    span:
      - 72
      - 6
