---
source: crates/djls-templates/src/parser.rs
expression: test_ast
---
nodelist:
  - type: Tag
    name: for
    bits:
      - item
      - in
      - items
    span:
      - 3
      - 17
  - type: Variable
    var: item.name
    filters: []
    span:
      - 26
      - 9
line_offsets:
  - 0
