---
source: crates/djls-templates/src/lexer.rs
expression: snapshot
---
- Text:
    content: "<div class=\"container\" id=\"main\" disabled></div>"
    line: 1
    start: 0
- Eof:
    line: 1
