---
source: crates/djls-templates/src/parser.rs
expression: nodelist
---
nodelist:
  - Text:
      content: hello
      span:
        start: 0
        length: 5
line_offsets:
  - 0
  - 11
