---
source: crates/djls-templates/src/parser.rs
expression: test_ast
---
nodelist:
  - type: Tag
    name: if
    bits:
      - user.is_authenticated
    span:
      - 0
      - 24
  - type: Text
    content: Welcome
    span:
      - 30
      - 7
line_offsets:
  - 0
