---
source: crates/djls-templates/src/lexer.rs
expression: snapshot
---
- Text:
    content: "<script type=\"text/javascript\">"
    offset: 0
- Newline:
    offset: 31
- Whitespace:
    count: 4
    offset: 32
- Text:
    content: // Single line comment
    offset: 36
- Newline:
    offset: 58
- Whitespace:
    count: 4
    offset: 59
- Text:
    content: const x = 1;
    offset: 63
- Newline:
    offset: 75
- Whitespace:
    count: 4
    offset: 76
- Text:
    content: /* Multi-line
    offset: 80
- Newline:
    offset: 93
- Whitespace:
    count: 7
    offset: 94
- Text:
    content: comment */
    offset: 101
- Newline:
    offset: 111
- Whitespace:
    count: 4
    offset: 112
- Text:
    content: console.log(x);
    offset: 116
- Newline:
    offset: 131
- Text:
    content: "</script>"
    offset: 132
- Eof
