---
source: crates/djls-templates/src/parser.rs
expression: test_ast
---
nodelist:
  - type: Variable
    var: user.name
    filters:
      - title
    span:
      - 3
      - 15
line_offsets:
  - 0
