---
source: crates/djls-templates/src/lexer.rs
expression: snapshot
---
- Block:
    content: if user.is_staff
    offset: 3
- Text:
    content: Admin
    offset: 22
- Block:
    content: else
    offset: 30
- Text:
    content: User
    offset: 37
- Block:
    content: endif
    offset: 44
- Eof
