---
source: crates/djls-templates/src/lexer.rs
expression: snapshot
---
- Variable:
    content: "user.name|default:\"Anonymous\"|title"
    offset: 3
- Eof
